
   FAIL  Tests\Feature\ContactTest
  Ô¿» contact page loads     3.05s  
  Ô£ô contact stores messagÔÇª 0.81s  
  Ô¿» contact validation faÔÇª 0.86s  
  ÔöÇÔöÇÔöÇÔöÇÔöÇÔöÇÔöÇÔöÇÔöÇÔöÇÔöÇÔöÇÔöÇÔöÇÔöÇÔöÇÔöÇÔöÇÔöÇÔöÇÔöÇÔöÇÔöÇÔöÇÔöÇÔöÇÔöÇÔöÇÔöÇÔöÇ  
   FAILED  TestÔÇª  ViewException   
  Undefined variable $errors (View: C:\Users\ulric\Downloads\servicepublic-bf-v2\servicepublic-bf-v2\resources\views\pages\contact\index.blade.php)

  at storage\framework\views\e585491bcc86fe686d7edff4f57622e7.php:39
     35Ôûò 
     36Ôûò                         </div>
     37Ôûò                     <?php endif; ?><?php if(\Livewire\Mechanisms\ExtendBlade\ExtendBlade::isRenderingLivewireComponent()): ?><!--[if ENDBLOCK]><![endif]--><?php endif; ?>
     38Ôûò 
  Ô×£  39Ôûò                     <?php if(\Livewire\Mechanisms\ExtendBlade\ExtendBlade::isRenderingLivewireComponent()): ?><!--[if BLOCK]><![endif]--><?php endif; ?><?php if($errors->any()): ?>
     40Ôûò                         <div class="alert alert-danger rounded-3 mb-4">
     41Ôûò                             <ul class="mb-0">
     42Ôûò                                 <?php if(\Livewire\Mechanisms\ExtendBlade\ExtendBlade::isRenderingLivewireComponent()): ?><!--[if BLOCK]><![endif]--><?php endif; ?><?php $__currentLoopData = $errors->all(); $__env->addLoop($__currentLoopData); foreach($__currentLoopData as $error): $__env->incrementLoopIndices(); $loop = $__env->getLastLoop(); ?>
     43Ôûò                                     <li><?php echo e($error); ?></li>

  1   storage\framework\views\e585491bcc86fe686d7edff4f57622e7.php:39
  2   vendor\livewire\livewire\src\Mechanisms\ExtendBlade\ExtendedCompilerEngine.php:58

  ÔöÇÔöÇÔöÇÔöÇÔöÇÔöÇÔöÇÔöÇÔöÇÔöÇÔöÇÔöÇÔöÇÔöÇÔöÇÔöÇÔöÇÔöÇÔöÇÔöÇÔöÇÔöÇÔöÇÔöÇÔöÇÔöÇÔöÇÔöÇÔöÇÔöÇ  
   FAILEDÔÇª  ValidationException   
  Le champ votre nom est obligatoire. (and 3 more errors)

  at vendor\laravel\framework\src\Illuminate\Foundation\Http\FormRequest.php:168
    164Ôûò     protected function failedValidation(Validator $validator)
    165Ôûò     {
    166Ôûò         $exception = $validator->getException();
    167Ôûò 
  Ô×£ 168Ôûò         throw (new $exception($validator))
    169Ôûò             ->errorBag($this->errorBag)
    170Ôûò             ->redirectTo($this->getRedirectUrl());
    171Ôûò     }
    172Ôûò

  1   vendor\laravel\framework\src\Illuminate\Foundation\Http\FormRequest.php:168
  2   vendor\laravel\framework\src\Illuminate\Validation\ValidatesWhenResolvedTrait.php:32


  Tests:    2 failed, 1 passed (3 assertions)
  Duration: 5.00s

